S G:\Mi unidad\CursoGIT> git commit -m "Arreglando Texto" 
[master 6e3304e] Arreglando Texto
 1 file changed, 1 insertion(+), 1 deletion(-)
PS G:\Mi unidad\CursoGIT> git push origin master
Enumerating objects: 5, done.
Counting objects: 100% (5/5), done.
Delta compression using up to 12 threads
Compressing objects: 100% (2/2), done.
Writing objects: 100% (3/3), 280 bytes | 280.00 KiB/s, done. 
Total 3 (delta 1), reused 0 (delta 0), pack-reused 0 (from 0)
remote: Resolving deltas: 100% (1/1), completed with 1 local object.
To https://github.com/aleromolina/PruebaCursoGit.git
   8589e5b..6e3304e  master -> master
PS G:\Mi unidad\CursoGIT> git add .\archivo.txt
PS G:\Mi unidad\CursoGIT> git commit -m "Arreglando el texto 3"
[master bd6dcdd] Arreglando el texto 3        
 1 file changed, 1 insertion(+), 1 deletion(-)
PS G:\Mi unidad\CursoGIT> git push origin master
Enumerating objects: 5, done.
Counting objects: 100% (5/5), done.
Delta compression using up to 12 threads
Compressing objects: 100% (2/2), done.
Writing objects: 100% (3/3), 275 bytes | 275.00 KiB/s, done. 
Total 3 (delta 1), reused 0 (delta 0), pack-reused 0 (from 0)
remote: Resolving deltas: 100% (1/1), completed with 1 local object.
To https://github.com/aleromolina/PruebaCursoGit.git
   6e3304e..bd6dcdd  master -> master